../Core/Src/main.c:140:13:DWT_Init	4	static
../Core/Src/main.c:147:24:micros	24	static
../Core/Src/main.c:169:13:uart_print	16	static
../Core/Src/main.c:174:13:float_to_str	64	static
../Core/Src/main.c:190:6:allTriggerIdle	8	static
../Core/Src/main.c:198:6:selectChan	16	static
../Core/Src/main.c:233:6:sendBurst	16	static
../Core/Src/main.c:256:6:processEcho	152	static
../Core/Src/main.c:318:6:buzzerNotify	16	static
../Core/Src/main.c:349:6:HAL_TIM_PeriodElapsedCallback	16	static
../Core/Src/main.c:375:6:HAL_GPIO_EXTI_Callback	16	static
../Core/Src/main.c:394:5:main	16	static
../Core/Src/main.c:501:6:SystemClock_Config	72	static
../Core/Src/main.c:541:13:MX_TIM1_Init	32	static
../Core/Src/main.c:587:13:MX_USART3_UART_Init	8	static
../Core/Src/main.c:620:13:MX_GPIO_Init	40	static
../Core/Src/main.c:694:6:Error_Handler	4	static,ignoring_inline_asm
