../Core/Src/main.c:131:13:DWT_Init	4	static
../Core/Src/main.c:138:24:micros	24	static
../Core/Src/main.c:160:13:uart_print	16	static
../Core/Src/main.c:165:13:float_to_str	64	static
../Core/Src/main.c:181:6:allTriggerIdle	8	static
../Core/Src/main.c:189:6:selectChan	16	static
../Core/Src/main.c:224:6:sendBurst	16	static
../Core/Src/main.c:247:6:processEcho	136	static
../Core/Src/main.c:273:6:buzzerNotify	16	static
../Core/Src/main.c:297:6:HAL_TIM_PeriodElapsedCallback	16	static
../Core/Src/main.c:323:6:HAL_GPIO_EXTI_Callback	16	static
../Core/Src/main.c:342:5:main	16	static
../Core/Src/main.c:449:6:SystemClock_Config	72	static
../Core/Src/main.c:489:13:MX_TIM1_Init	32	static
../Core/Src/main.c:535:13:MX_USART3_UART_Init	8	static
../Core/Src/main.c:568:13:MX_GPIO_Init	40	static
../Core/Src/main.c:631:6:Error_Handler	4	static,ignoring_inline_asm
