../Core/Src/main.c:131:13:DWT_Init	1
../Core/Src/main.c:138:24:micros	1
../Core/Src/main.c:160:13:uart_print	1
../Core/Src/main.c:165:13:float_to_str	3
../Core/Src/main.c:181:6:allTriggerIdle	1
../Core/Src/main.c:189:6:selectChan	5
../Core/Src/main.c:224:6:sendBurst	5
../Core/Src/main.c:247:6:processEcho	2
../Core/Src/main.c:273:6:buzzerNotify	6
../Core/Src/main.c:297:6:HAL_TIM_PeriodElapsedCallback	7
../Core/Src/main.c:323:6:HAL_GPIO_EXTI_Callback	4
../Core/Src/main.c:342:5:main	10
../Core/Src/main.c:449:6:SystemClock_Config	3
../Core/Src/main.c:489:13:MX_TIM1_Init	4
../Core/Src/main.c:535:13:MX_USART3_UART_Init	2
../Core/Src/main.c:568:13:MX_GPIO_Init	1
../Core/Src/main.c:631:6:Error_Handler	1
