../Core/Src/main.c:154:13:Construct_CANMsg	1
../Core/Src/main.c:174:13:DWT_Init	1
../Core/Src/main.c:181:24:micros	1
../Core/Src/main.c:203:13:uart_print	1
../Core/Src/main.c:208:13:float_to_str	3
../Core/Src/main.c:224:6:allTriggerIdle	1
../Core/Src/main.c:232:6:selectChan	5
../Core/Src/main.c:267:6:sendBurst	5
../Core/Src/main.c:290:6:processEcho	6
../Core/Src/main.c:352:6:buzzerNotify	9
../Core/Src/main.c:383:6:HAL_TIM_PeriodElapsedCallback	7
../Core/Src/main.c:409:6:HAL_GPIO_EXTI_Callback	4
../Core/Src/main.c:428:5:main	14
../Core/Src/main.c:556:6:SystemClock_Config	3
../Core/Src/main.c:596:13:MX_CAN_Init	2
../Core/Src/main.c:633:13:MX_TIM1_Init	4
../Core/Src/main.c:679:13:MX_USART3_UART_Init	2
../Core/Src/main.c:712:13:MX_GPIO_Init	1
../Core/Src/main.c:786:6:Error_Handler	1
